:MSG:	Issue rclonesync clould to local
***** BiDirectional Sync for Cloud Services using rclone *****
Synching Remote path  <GDrive:/testdir/>  with Local path  <./testdir/>
Command line:  <Namespace(Cloud='GDrive:/testdir', LocalPath='./testdir', check_access=False, dry_run=False, filters_file=None, first_sync=False, force=False, max_deletes=50, no_datetime_log=True, rc_verbose=None, verbose=True, workdir='./testwd/')>
>>>>> Generating Local and Remote lists
  LOCAL    Checking for Diffs                  - ./testdir/
  REMOTE   Checking for Diffs                  - GDrive:/testdir/
  REMOTE     File is newer                     - file1.txt
  REMOTE     File size is different            - file1.txt
  REMOTE     File is newer                     - subdir/file20.txt
  REMOTE     File size is different            - subdir/file20.txt
     2 file change(s) on REMOTE:    0 new,    2 newer,    0 older,    0 deleted
>>>>> Applying changes on Remote to Local
  REMOTE     Copying to local                  - ./testdir/file1.txt
  REMOTE     Copying to local                  - ./testdir/subdir/file20.txt
>>>>> Synching Local to Remote
>>>>> rmdirs Remote
>>>>> rmdirs Local
>>>>> Refreshing Local and Remote lsl files
>>>>> Successful run.  All done.

