:MSG:   Place filtersfile in WORKDIR
:MSG:	Run with --filters-file but with no MD5	Should abort
***** BiDirectional Sync for Cloud Services using rclone *****
Synching Remote path  <GDrive:/testdir/>  with Local path  <./testdir/>
Command line:  <Namespace(Cloud='GDrive:/testdir', LocalPath='./testdir', check_access=False, dry_run=False, filters_file='./testwd//filtersfile.txt', first_sync=False, force=False, max_deletes=50, no_datetime_log=True, rc_verbose=None, verbose=True, workdir='./testwd/')>
Using filters-file  <./testwd//filtersfile.txt>
MD5 file not found for filters file <./testwd//filtersfile.txt>.  Must run --first-sync.
***** Critical Error Abort - Must run --first-sync to recover.  See README.md *****

:MSG:	Run without --filters-file 				Should be blocked due to prior CRITICAL abort
***** BiDirectional Sync for Cloud Services using rclone *****
Synching Remote path  <GDrive:/testdir/>  with Local path  <./testdir/>
Command line:  <Namespace(Cloud='GDrive:/testdir', LocalPath='./testdir', check_access=False, dry_run=False, filters_file=None, first_sync=False, force=False, max_deletes=50, no_datetime_log=True, rc_verbose=None, verbose=True, workdir='./testwd/')>
***** Cannot find prior local or remote lsl files.
***** Critical Error Abort - Must run --first-sync to recover.  See README.md *****

:MSG:	Run with --filters-file and --first-sync
***** BiDirectional Sync for Cloud Services using rclone *****
Synching Remote path  <GDrive:/testdir/>  with Local path  <./testdir/>
Command line:  <Namespace(Cloud='GDrive:/testdir', LocalPath='./testdir', check_access=False, dry_run=False, filters_file='./testwd//filtersfile.txt', first_sync=True, force=False, max_deletes=50, no_datetime_log=True, rc_verbose=None, verbose=True, workdir='./testwd/')>
Using filters-file  <./testwd//filtersfile.txt>
Storing filters-file hash to <./testwd//filtersfile.txt-MD5>
>>>>> Generating --first-sync Local and Remote lists
>>>>> Generating Local and Remote lists
  LOCAL    Checking for Diffs                  - ./testdir/
  REMOTE   Checking for Diffs                  - GDrive:/testdir/
>>>>> No changes on Remote - Skipping ahead
>>>>> Synching Local to Remote
>>>>> rmdirs Remote
>>>>> rmdirs Local
>>>>> Refreshing Local and Remote lsl files
>>>>> Successful run.  All done.

:MSG:	Run with --filters-file alone.  		Should run
***** BiDirectional Sync for Cloud Services using rclone *****
Synching Remote path  <GDrive:/testdir/>  with Local path  <./testdir/>
Command line:  <Namespace(Cloud='GDrive:/testdir', LocalPath='./testdir', check_access=False, dry_run=False, filters_file='./testwd//filtersfile.txt', first_sync=False, force=False, max_deletes=50, no_datetime_log=True, rc_verbose=None, verbose=True, workdir='./testwd/')>
Using filters-file  <./testwd//filtersfile.txt>
>>>>> Generating Local and Remote lists
  LOCAL    Checking for Diffs                  - ./testdir/
  REMOTE   Checking for Diffs                  - GDrive:/testdir/
>>>>> No changes on Remote - Skipping ahead
>>>>> No changes on Local  - Skipping sync from Local to Remote
>>>>> Refreshing Local and Remote lsl files
>>>>> Successful run.  All done.

:MSG:	push changed filters-file to WORKDIR
:MSG:	Run with --filters-file alone.  		Should abort
***** BiDirectional Sync for Cloud Services using rclone *****
Synching Remote path  <GDrive:/testdir/>  with Local path  <./testdir/>
Command line:  <Namespace(Cloud='GDrive:/testdir', LocalPath='./testdir', check_access=False, dry_run=False, filters_file='./testwd//filtersfile.txt', first_sync=False, force=False, max_deletes=50, no_datetime_log=True, rc_verbose=None, verbose=True, workdir='./testwd/')>
Using filters-file  <./testwd//filtersfile.txt>
Filters-file <./testwd//filtersfile.txt> has chanaged (MD5 does not match).  Must run --first-sync.
***** Critical Error Abort - Must run --first-sync to recover.  See README.md *****

