:MSG:	Issue rclonesync with --filters-file.  Cloud-side fileZ.txt is filtered.
***** BiDirectional Sync for Cloud Services using rclone *****
Synching Remote path  <GDrive:/testdir/>  with Local path  <./testdir/>
Command line:  <Namespace(Cloud='GDrive:/testdir', LocalPath='./testdir', check_access=False, dry_run=False, filters_file='./tests/test_filters//filtersfile.txt', first_sync=False, force=False, max_deletes=50, no_datetime_log=True, rc_verbose=None, verbose=True, workdir='./testwd/')>
Using filters-file  <./tests/test_filters//filtersfile.txt>
>>>>> Generating Local and Remote lists
  LOCAL    Checking for Diffs                  - ./testdir/
  LOCAL      File is new                       - subdir/fileZ.txt
     1 file change(s) on LOCAL:     1 new,    0 newer,    0 older,    0 deleted
  REMOTE   Checking for Diffs                  - GDrive:/testdir/
>>>>> No changes on Remote - Skipping ahead
>>>>> Synching Local to Remote
>>>>> rmdirs Remote
>>>>> rmdirs Local
>>>>> Refreshing Local and Remote lsl files
>>>>> Successful run.  All done.

