:MSG:	1) First, see that --check-access passes with the initial setup
***** BiDirectional Sync for Cloud Services using rclone *****
Synching Remote path  <GDrive:/testdir/>  with Local path  <./testdir/>
Command line:  <Namespace(Cloud='GDrive:/testdir', LocalPath='./testdir', check_access=True, dry_run=False, filters_file=None, first_sync=False, force=False, max_deletes=50, no_datetime_log=True, rc_verbose=None, verbose=True, workdir='./testwd/')>
>>>>> Checking rclone Local and Remote filesystems access health
>>>>> Generating Local and Remote lists
  LOCAL    Checking for Diffs                  - ./testdir/
  REMOTE   Checking for Diffs                  - GDrive:/testdir/
>>>>> No changes on Remote - Skipping ahead
>>>>> No changes on Local  - Skipping sync from Local to Remote
>>>>> Refreshing Local and Remote lsl files
>>>>> Successful run.  All done.

:MSG:	2) Delete the remote subdir RCLONE_TEST, run sync, will fail critical
***** BiDirectional Sync for Cloud Services using rclone *****
Synching Remote path  <GDrive:/testdir/>  with Local path  <./testdir/>
Command line:  <Namespace(Cloud='GDrive:/testdir', LocalPath='./testdir', check_access=True, dry_run=False, filters_file=None, first_sync=False, force=False, max_deletes=50, no_datetime_log=True, rc_verbose=None, verbose=True, workdir='./testwd/')>
>>>>> Checking rclone Local and Remote filesystems access health
  ERROR    Failed access health test:  <RCLONE_TEST> local count 2, remote count 1 - 
***** Critical Error Abort - Must run --first-sync to recover.  See README.md *****

:MSG:	3) Put the remote subdir RCLONE_TEST back, run --first-sync
***** BiDirectional Sync for Cloud Services using rclone *****
Synching Remote path  <GDrive:/testdir/>  with Local path  <./testdir/>
Command line:  <Namespace(Cloud='GDrive:/testdir', LocalPath='./testdir', check_access=True, dry_run=False, filters_file=None, first_sync=True, force=False, max_deletes=50, no_datetime_log=True, rc_verbose=None, verbose=True, workdir='./testwd/')>
>>>>> Generating --first-sync Local and Remote lists
>>>>> --check-access skipped on --first-sync
>>>>> Generating Local and Remote lists
  LOCAL    Checking for Diffs                  - ./testdir/
  REMOTE   Checking for Diffs                  - GDrive:/testdir/
>>>>> No changes on Remote - Skipping ahead
>>>>> Synching Local to Remote
>>>>> rmdirs Remote
>>>>> rmdirs Local
>>>>> Refreshing Local and Remote lsl files
>>>>> Successful run.  All done.

:MSG:	4) Run sync with --check-access.  Should pass.
***** BiDirectional Sync for Cloud Services using rclone *****
Synching Remote path  <GDrive:/testdir/>  with Local path  <./testdir/>
Command line:  <Namespace(Cloud='GDrive:/testdir', LocalPath='./testdir', check_access=True, dry_run=False, filters_file=None, first_sync=False, force=False, max_deletes=50, no_datetime_log=True, rc_verbose=None, verbose=True, workdir='./testwd/')>
>>>>> Checking rclone Local and Remote filesystems access health
>>>>> Generating Local and Remote lists
  LOCAL    Checking for Diffs                  - ./testdir/
  REMOTE   Checking for Diffs                  - GDrive:/testdir/
>>>>> No changes on Remote - Skipping ahead
>>>>> No changes on Local  - Skipping sync from Local to Remote
>>>>> Refreshing Local and Remote lsl files
>>>>> Successful run.  All done.

:MSG:	5) Delete local top level RCLONE_TEST, run sync, will fail critical
***** BiDirectional Sync for Cloud Services using rclone *****
Synching Remote path  <GDrive:/testdir/>  with Local path  <./testdir/>
Command line:  <Namespace(Cloud='GDrive:/testdir', LocalPath='./testdir', check_access=True, dry_run=False, filters_file=None, first_sync=False, force=False, max_deletes=50, no_datetime_log=True, rc_verbose=None, verbose=True, workdir='./testwd/')>
>>>>> Checking rclone Local and Remote filesystems access health
  ERROR    Failed access health test:  <RCLONE_TEST> local count 1, remote count 2 - 
***** Critical Error Abort - Must run --first-sync to recover.  See README.md *****

:MSG:	6) Run --first-sync, which will copy the remote top level back to local
***** BiDirectional Sync for Cloud Services using rclone *****
Synching Remote path  <GDrive:/testdir/>  with Local path  <./testdir/>
Command line:  <Namespace(Cloud='GDrive:/testdir', LocalPath='./testdir', check_access=True, dry_run=False, filters_file=None, first_sync=True, force=False, max_deletes=50, no_datetime_log=True, rc_verbose=None, verbose=True, workdir='./testwd/')>
>>>>> Generating --first-sync Local and Remote lists
  REMOTE     Copying to local                  - ./testdir/RCLONE_TEST
>>>>> --check-access skipped on --first-sync
>>>>> Generating Local and Remote lists
  LOCAL    Checking for Diffs                  - ./testdir/
  REMOTE   Checking for Diffs                  - GDrive:/testdir/
>>>>> No changes on Remote - Skipping ahead
>>>>> Synching Local to Remote
>>>>> rmdirs Remote
>>>>> rmdirs Local
>>>>> Refreshing Local and Remote lsl files
>>>>> Successful run.  All done.

:MSG:	7) Run sync with --check-access.  Should pass.
***** BiDirectional Sync for Cloud Services using rclone *****
Synching Remote path  <GDrive:/testdir/>  with Local path  <./testdir/>
Command line:  <Namespace(Cloud='GDrive:/testdir', LocalPath='./testdir', check_access=True, dry_run=False, filters_file=None, first_sync=False, force=False, max_deletes=50, no_datetime_log=True, rc_verbose=None, verbose=True, workdir='./testwd/')>
>>>>> Checking rclone Local and Remote filesystems access health
>>>>> Generating Local and Remote lists
  LOCAL    Checking for Diffs                  - ./testdir/
  REMOTE   Checking for Diffs                  - GDrive:/testdir/
>>>>> No changes on Remote - Skipping ahead
>>>>> No changes on Local  - Skipping sync from Local to Remote
>>>>> Refreshing Local and Remote lsl files
>>>>> Successful run.  All done.

