:MSG:	Sync should fail due to too many local deletes
***** BiDirectional Sync for Cloud Services using rclone *****
Synching Remote path  <GDrive:/testdir/>  with Local path  <./testdir/>
Command line:  <Namespace(Cloud='GDrive:/testdir', LocalPath='./testdir', check_access=False, dry_run=False, filters_file=None, first_sync=False, force=False, max_deletes=50, no_datetime_log=True, rc_verbose=None, verbose=True, workdir='./testwd/')>
>>>>> Generating Local and Remote lists
  LOCAL    Checking for Diffs                  - ./testdir/
  LOCAL      File was deleted                  - file1.txt
  LOCAL      File was deleted                  - file2.txt
  LOCAL      File was deleted                  - file3.txt
  LOCAL      File was deleted                  - file4.txt
  LOCAL      File was deleted                  - file5.txt
     5 file change(s) on LOCAL:     0 new,    0 newer,    0 older,    5 deleted
  REMOTE   Checking for Diffs                  - GDrive:/testdir/
Excessive number of deletes (>50%, 5 of 9) found on the Local system ./testdir/ - Aborting.  Run with --force if desired.
***** Error Abort.  Try running rclonesync again. *****

:MSG:   Change --max-delta limit to 60%, and sync should run.
***** BiDirectional Sync for Cloud Services using rclone *****
Synching Remote path  <GDrive:/testdir/>  with Local path  <./testdir/>
Command line:  <Namespace(Cloud='GDrive:/testdir', LocalPath='./testdir', check_access=False, dry_run=False, filters_file=None, first_sync=False, force=False, max_deletes=60, no_datetime_log=True, rc_verbose=None, verbose=True, workdir='./testwd/')>
>>>>> Generating Local and Remote lists
  LOCAL    Checking for Diffs                  - ./testdir/
  LOCAL      File was deleted                  - file1.txt
  LOCAL      File was deleted                  - file2.txt
  LOCAL      File was deleted                  - file3.txt
  LOCAL      File was deleted                  - file4.txt
  LOCAL      File was deleted                  - file5.txt
     5 file change(s) on LOCAL:     0 new,    0 newer,    0 older,    5 deleted
  REMOTE   Checking for Diffs                  - GDrive:/testdir/
>>>>> No changes on Remote - Skipping ahead
>>>>> Synching Local to Remote
>>>>> rmdirs Remote
>>>>> rmdirs Local
>>>>> Refreshing Local and Remote lsl files
>>>>> Successful run.  All done.

